MPLINK 4.46, Linker
Linker Map File - Created Sat Jun 18 12:37:53 2016

                                 Section Info
                  Section       Type    Address   Location Size(Bytes)
                ---------  ---------  ---------  ---------  ---------
               _entry_scn       code   0x000000    program   0x000006
           .code___init.o       code   0x000006    program   0x000002
      high_vector_section       code   0x000008    program   0x000006
                   .cinit    romdata   0x00000e    program   0x00001a
             .code_main.o       code   0x000028    program   0x0010fe
        .code_uart_2520.o       code   0x001126    program   0x00029a
              .code_lcd.o       code   0x0013c0    program   0x000282
      .code_analog_2520.o       code   0x001642    program   0x000204
          .code_buttons.o       code   0x001846    program   0x0001f0
                     PROG       code   0x001a36    program   0x0000ca
               _cinit_scn       code   0x001b00    program   0x00009e
           .code_timers.o       code   0x001b9e    program   0x000042
         .code_fxd2424u.o       code   0x001be0    program   0x00003a
         .code_fxd1616u.o       code   0x001c1a    program   0x00002c
              D1KTCYXCODE       code   0x001c46    program   0x000020
                    .code       code   0x001c66    program   0x000020
             _startup_scn       code   0x001c86    program   0x00001c
         .code_fxd0808u.o       code   0x001ca2    program   0x00001c
  .code_interrupts_2520.o       code   0x001cbe    program   0x00001a
         .romdata_c018i.o    romdata   0x001cd8    program   0x000000
     .romdata_uart_2520.o    romdata   0x001cd8    program   0x000000
     .idata_uart_2520.o_i    romdata   0x001cd8    program   0x000000
        .romdata_timers.o    romdata   0x001cd8    program   0x000000
        .idata_timers.o_i    romdata   0x001cd8    program   0x000000
      .romdata_fxd0808u.o    romdata   0x001cd8    program   0x000000
      .romdata_fxd1616u.o    romdata   0x001cd8    program   0x000000
      .romdata_fxd2424u.o    romdata   0x001cd8    program   0x000000
        .romdata___init.o    romdata   0x001cd8    program   0x000000
          .romdata_main.o    romdata   0x001cd8    program   0x000000
          .idata_main.o_i    romdata   0x001cd8    program   0x00002d
             .stringtable    romdata   0x001cd8    program   0x000000
       .romdata_buttons.o    romdata   0x001cd8    program   0x000000
           .romdata_lcd.o    romdata   0x001cd8    program   0x000000
.romdata_interrupts_2520.o    romdata   0x001cd8    program   0x000000
   .romdata_analog_2520.o    romdata   0x001cd8    program   0x000000
           .idata_lcd.o_i    romdata   0x001d05    program   0x000013
      .idata_fxd2424u.o_i    romdata   0x001d18    program   0x000000
      .idata_fxd1616u.o_i    romdata   0x001d18    program   0x000000
        .idata___init.o_i    romdata   0x001d18    program   0x000000
      .idata_fxd0808u.o_i    romdata   0x001d18    program   0x000000
.idata_interrupts_2520.o_i    romdata   0x001d18    program   0x000000
   .idata_analog_2520.o_i    romdata   0x001d18    program   0x000000
       .idata_buttons.o_i    romdata   0x001d18    program   0x000000
            .code_c018i.o       code   0x001d18    program   0x000000
         .idata_c018i.o_i    romdata   0x001d18    program   0x000000
    .config_300001_main.o    romdata   0x300001    program   0x000001
    .config_300003_main.o    romdata   0x300003    program   0x000001
    .config_300005_main.o    romdata   0x300005    program   0x000001
    .config_300006_main.o    romdata   0x300006    program   0x000001
    .config_300009_main.o    romdata   0x300009    program   0x000001
    .config_30000b_main.o    romdata   0x30000b    program   0x000001
                   eedata    romdata   0xf00000    program   0x000007
                MATH_DATA      udata   0x000000       data   0x000014
                 .tmpdata      udata   0x000014       data   0x000008
                DELAYDAT1      udata   0x00001c       data   0x000001
            .udata_main.o      udata   0x000080       data   0x000040
            .idata_main.o      idata   0x0000c0       data   0x00002d
             .idata_lcd.o      idata   0x0000ed       data   0x000013
           .udata_c018i.o      udata   0x000100       data   0x00000a
         .udata_buttons.o      udata   0x00010a       data   0x000006
             .udata_lcd.o      udata   0x000110       data   0x000003
          .idata___init.o      idata   0x000113       data   0x000000
          .udata___init.o      udata   0x000113       data   0x000000
        .idata_fxd2424u.o      idata   0x000113       data   0x000000
        .udata_fxd2424u.o      udata   0x000113       data   0x000000
        .idata_fxd1616u.o      idata   0x000113       data   0x000000
        .udata_fxd1616u.o      udata   0x000113       data   0x000000
        .idata_fxd0808u.o      idata   0x000113       data   0x000000
        .udata_fxd0808u.o      udata   0x000113       data   0x000000
       .idata_uart_2520.o      idata   0x000113       data   0x000000
       .udata_uart_2520.o      udata   0x000113       data   0x000000
          .idata_timers.o      idata   0x000113       data   0x000000
          .udata_timers.o      udata   0x000113       data   0x000000
 .idata_interrupts_2520.o      idata   0x000113       data   0x000000
 .udata_interrupts_2520.o      udata   0x000113       data   0x000000
     .idata_analog_2520.o      idata   0x000113       data   0x000000
     .udata_analog_2520.o      udata   0x000113       data   0x000000
         .idata_buttons.o      idata   0x000113       data   0x000000
           .idata_c018i.o      idata   0x000113       data   0x000000
                   .stack      udata   0x000500       data   0x000100
            SFR_UNBANKED0      udata   0x000f80       data   0x000080



                              Program Memory Usage 
                               Start         End      
                           ---------   ---------      
                            0x000000    0x001d17      
                            0x300001    0x300001      
                            0x300003    0x300003      
                            0x300005    0x300006      
                            0x300009    0x300009      
                            0x30000b    0x30000b      
                            0xf00000    0xf00006      
            7461 out of 33048 program addresses used, program memory utilization is 22%



                              Symbols - Sorted by Name
                     Name    Address   Location    Storage File                     
                ---------  ---------  ---------  --------- ---------                
               AnalogInit   0x001642    program     extern C:\Users\Deezy\Documents\PIC_Programs\Olimex_PIC-MT.X\analog_2520.c
                    Beep1   0x0019b2    program     extern C:\Users\Deezy\Documents\PIC_Programs\Olimex_PIC-MT.X\buttons.c
                    Beep2   0x0019f4    program     extern C:\Users\Deezy\Documents\PIC_Programs\Olimex_PIC-MT.X\buttons.c
               ButtonScan   0x001868    program     extern C:\Users\Deezy\Documents\PIC_Programs\Olimex_PIC-MT.X\buttons.c
                   D0808S   0x001a4c    program     static E:\3.45\pic18-lt\cxx-framework\src\traditional\math\fxd0808s.asm
                D0808SNEG   0x001a5a    program     static E:\3.45\pic18-lt\cxx-framework\src\traditional\math\fxd0808s.asm
                 D0808SOK   0x001a56    program     static E:\3.45\pic18-lt\cxx-framework\src\traditional\math\fxd0808s.asm
                  D0808SX   0x001a60    program     static E:\3.45\pic18-lt\cxx-framework\src\traditional\math\fxd0808s.asm
                    D1K_1   0x001c52    program     static E:\3.45\pic18-lt\cxx-framework\src\traditional\delays\d1ktcyx.asm
                     D1Kx   0x001c50    program     static E:\3.45\pic18-lt\cxx-framework\src\traditional\delays\d1ktcyx.asm
                   D2424S   0x001a94    program     static E:\3.45\pic18-lt\cxx-framework\src\traditional\math\fxd2424s.asm
                D2424SNEG   0x001aa2    program     static E:\3.45\pic18-lt\cxx-framework\src\traditional\math\fxd2424s.asm
                 D2424SOK   0x001a9e    program     static E:\3.45\pic18-lt\cxx-framework\src\traditional\math\fxd2424s.asm
                  D2424SX   0x001aba    program     static E:\3.45\pic18-lt\cxx-framework\src\traditional\math\fxd2424s.asm
                  DA0808S   0x001a42    program     static E:\3.45\pic18-lt\cxx-framework\src\traditional\math\fxd0808s.asm
                  DA2424S   0x001a80    program     static E:\3.45\pic18-lt\cxx-framework\src\traditional\math\fxd2424s.asm
              Delay1KTCYx   0x001c46    program     extern E:\3.45\pic18-lt\cxx-framework\src\traditional\delays\d1ktcyx.asm
                  E_Pulse   0x0013c0    program     extern C:\Users\Deezy\Documents\PIC_Programs\Olimex_PIC-MT.X\lcd.c
                 FXD0808S   0x001a36    program     extern E:\3.45\pic18-lt\cxx-framework\src\traditional\math\fxd0808s.asm
                 FXD0808U   0x001ca2    program     extern E:\3.45\pic18-lt\cxx-framework\src\traditional\math\fxd0808u.c
                 FXD1616U   0x001c1a    program     extern E:\3.45\pic18-lt\cxx-framework\src\traditional\math\fxd1616u.c
                 FXD2424S   0x001a6a    program     extern E:\3.45\pic18-lt\cxx-framework\src\traditional\math\fxd2424s.asm
                 FXD2424U   0x001be0    program     extern E:\3.45\pic18-lt\cxx-framework\src\traditional\math\fxd2424u.c
                 FXM1616U   0x001ac4    program     extern E:\3.45\pic18-lt\cxx-framework\src\traditional\math\fxm1616u.asm
                  InitLCD   0x0013d2    program     extern C:\Users\Deezy\Documents\PIC_Programs\Olimex_PIC-MT.X\lcd.c
            InterruptInit   0x001cbe    program     extern C:\Users\Deezy\Documents\PIC_Programs\Olimex_PIC-MT.X\interrupts_2520.c
              LCDSendChar   0x00144c    program     extern C:\Users\Deezy\Documents\PIC_Programs\Olimex_PIC-MT.X\lcd.c
               LCDSendCmd   0x001492    program     extern C:\Users\Deezy\Documents\PIC_Programs\Olimex_PIC-MT.X\lcd.c
               LCDSendStr   0x0014d8    program     extern C:\Users\Deezy\Documents\PIC_Programs\Olimex_PIC-MT.X\lcd.c
             LCDcursorPos   0x00152e    program     extern C:\Users\Deezy\Documents\PIC_Programs\Olimex_PIC-MT.X\lcd.c
             LCDwriteLine   0x00158c    program     extern C:\Users\Deezy\Documents\PIC_Programs\Olimex_PIC-MT.X\lcd.c
               Timer0Init   0x001b9e    program     extern C:\Users\Deezy\Documents\PIC_Programs\Olimex_PIC-MT.X\timers.c
           Timer0Overflow   0x001bbc    program     extern C:\Users\Deezy\Documents\PIC_Programs\Olimex_PIC-MT.X\timers.c
               Timer1Init   0x001bce    program     extern C:\Users\Deezy\Documents\PIC_Programs\Olimex_PIC-MT.X\timers.c
        _D1KTCYXCODE_0010   0x001c56    program     static E:\3.45\pic18-lt\cxx-framework\src\traditional\delays\d1ktcyx.asm
        _D1KTCYXCODE_0016   0x001c5c    program     static E:\3.45\pic18-lt\cxx-framework\src\traditional\delays\d1ktcyx.asm
          ___for_lbl00055   0x0009f2    program     static                          
          ___for_lbl00056   0x0009fc    program     static                          
          ___for_lbl00057   0x0009ca    program     static                          
           ___if_lbl00003   0x000088    program     static                          
           ___if_lbl00004   0x0000ac    program     static                          
       ___return_lbl00000   0x0013d0    program     static                          
       ___return_lbl00000   0x001cbc    program     static                          
       ___return_lbl00000   0x001c44    program     static                          
       ___return_lbl00000   0x000004    program     static                          
       ___return_lbl00000   0x001c18    program     static                          
       ___return_lbl00000   0x00000c    program     static                          
       ___return_lbl00001   0x0000ac    program     static                          
       ___return_lbl00001   0x001ca0    program     static                          
       ___return_lbl00002   0x001b9c    program     static                          
       ___return_lbl00054   0x0009fc    program     static                          
               __config_0   0x300001    program     static C:\Users\Deezy\Documents\PIC_Programs\Olimex_PIC-MT.X\main.c
               __config_1   0x300003    program     static C:\Users\Deezy\Documents\PIC_Programs\Olimex_PIC-MT.X\main.c
               __config_2   0x300005    program     static C:\Users\Deezy\Documents\PIC_Programs\Olimex_PIC-MT.X\main.c
               __config_3   0x300006    program     static C:\Users\Deezy\Documents\PIC_Programs\Olimex_PIC-MT.X\main.c
               __config_4   0x300009    program     static C:\Users\Deezy\Documents\PIC_Programs\Olimex_PIC-MT.X\main.c
               __config_5   0x30000b    program     static C:\Users\Deezy\Documents\PIC_Programs\Olimex_PIC-MT.X\main.c
                   __init   0x000006    program     extern E:\3.45\pic18-lt\cxx-framework\src\traditional\stdclib\__init.c
               __tmplbl_0   0x000082    program     static                          
               __tmplbl_1   0x00007c    program     static                          
            __zero_memory   0x001c66    program     extern E:\3.45\pic18-lt\cxx-framework\src\traditional\proc\p18f2520.asm
                _do_cinit   0x001b00    program     extern E:\3.45\pic18-lt\cxx-framework\src\traditional\startup\c018i.c
                   _entry   0x000000    program     extern E:\3.45\pic18-lt\cxx-framework\src\traditional\startup\c018i.c
                   _false   0x001c14    program     static                          
                 _startup   0x001c86    program     extern E:\3.45\pic18-lt\cxx-framework\src\traditional\startup\c018i.c
                compare_l   0x001c7c    program     static E:\3.45\pic18-lt\cxx-framework\src\traditional\proc\p18f2520.asm
            configuration   0x0005f4    program     extern C:\Users\Deezy\Documents\PIC_Programs\Olimex_PIC-MT.X\main.c
                copy_loop   0x001b72    program     static                          
            copy_one_byte   0x001b78    program     static                          
                     done   0x001b9c    program     static                          
             done_copying   0x001b86    program     static                          
            eepromReadInt   0x000b44    program     extern C:\Users\Deezy\Documents\PIC_Programs\Olimex_PIC-MT.X\main.c
           eepromWriteInt   0x000bfa    program     extern C:\Users\Deezy\Documents\PIC_Programs\Olimex_PIC-MT.X\main.c
              eeprom_read   0x000ae6    program     extern C:\Users\Deezy\Documents\PIC_Programs\Olimex_PIC-MT.X\main.c
             eeprom_write   0x000b0c    program     extern C:\Users\Deezy\Documents\PIC_Programs\Olimex_PIC-MT.X\main.c
                  endloop   0x001c40    program     static                          
                  endloop   0x001cb8    program     static                          
            flushRxBuffer   0x001170    program     extern C:\Users\Deezy\Documents\PIC_Programs\Olimex_PIC-MT.X\uart_2520.c
              getChecksum   0x00106a    program     extern C:\Users\Deezy\Documents\PIC_Programs\Olimex_PIC-MT.X\main.c
               getVoltage   0x001656    program     extern C:\Users\Deezy\Documents\PIC_Programs\Olimex_PIC-MT.X\analog_2520.c
                get_edata   0x000a10    program     extern C:\Users\Deezy\Documents\PIC_Programs\Olimex_PIC-MT.X\main.c
                  hex2Int   0x000dfc    program     extern C:\Users\Deezy\Documents\PIC_Programs\Olimex_PIC-MT.X\main.c
       highPriInt_handler   0x000028    program     extern C:\Users\Deezy\Documents\PIC_Programs\Olimex_PIC-MT.X\main.c
              high_vector   0x000008    program     extern C:\Users\Deezy\Documents\PIC_Programs\Olimex_PIC-MT.X\main.c
              initButtons   0x001846    program     extern C:\Users\Deezy\Documents\PIC_Programs\Olimex_PIC-MT.X\buttons.c
                 initUart   0x001126    program     extern C:\Users\Deezy\Documents\PIC_Programs\Olimex_PIC-MT.X\uart_2520.c
                  int2Hex   0x000c58    program     extern C:\Users\Deezy\Documents\PIC_Programs\Olimex_PIC-MT.X\main.c
                 ledOnOff   0x00197a    program     extern C:\Users\Deezy\Documents\PIC_Programs\Olimex_PIC-MT.X\buttons.c
                     loop   0x001bec    program     static                          
                     loop   0x001c96    program     static                          
                     loop   0x001c24    program     static                          
                     loop   0x001caa    program     static                          
                   loop_h   0x001c74    program     static E:\3.45\pic18-lt\cxx-framework\src\traditional\proc\p18f2520.asm
                   loop_l   0x001c7e    program     static E:\3.45\pic18-lt\cxx-framework\src\traditional\proc\p18f2520.asm
                mSecDelay   0x00095c    program     extern C:\Users\Deezy\Documents\PIC_Programs\Olimex_PIC-MT.X\main.c
                     main   0x0000f4    program     extern C:\Users\Deezy\Documents\PIC_Programs\Olimex_PIC-MT.X\main.c
            outputTimeOff   0x00060e    program     extern C:\Users\Deezy\Documents\PIC_Programs\Olimex_PIC-MT.X\main.c
             outputTimeOn   0x0007e8    program     extern C:\Users\Deezy\Documents\PIC_Programs\Olimex_PIC-MT.X\main.c
            parseRxBuffer   0x001316    program     extern C:\Users\Deezy\Documents\PIC_Programs\Olimex_PIC-MT.X\uart_2520.c
                put_edata   0x000a94    program     extern C:\Users\Deezy\Documents\PIC_Programs\Olimex_PIC-MT.X\main.c
                 readUart   0x00116c    program     extern C:\Users\Deezy\Documents\PIC_Programs\Olimex_PIC-MT.X\uart_2520.c
               relayOnOff   0x001996    program     extern C:\Users\Deezy\Documents\PIC_Programs\Olimex_PIC-MT.X\buttons.c
             serialNumber   0xf00000    program     extern C:\Users\Deezy\Documents\PIC_Programs\Olimex_PIC-MT.X\main.c
                     test   0x001b1a    program     static                          
                uSecDelay   0x0009b6    program     extern C:\Users\Deezy\Documents\PIC_Programs\Olimex_PIC-MT.X\main.c
                writeUart   0x001152    program     extern C:\Users\Deezy\Documents\PIC_Programs\Olimex_PIC-MT.X\uart_2520.c
     writeUartConstString   0x001270    program     extern C:\Users\Deezy\Documents\PIC_Programs\Olimex_PIC-MT.X\uart_2520.c
          writeUartString   0x0011d4    program     extern C:\Users\Deezy\Documents\PIC_Programs\Olimex_PIC-MT.X\uart_2520.c
               zero_block   0x001c74    program     static E:\3.45\pic18-lt\cxx-framework\src\traditional\proc\p18f2520.asm
                   ADCON0   0x000fc2       data     extern E:\3.45\pic18-lt\cxx-framework\src\traditional\proc\p18f2520.asm
               ADCON0bits   0x000fc2       data     extern E:\3.45\pic18-lt\cxx-framework\src\traditional\proc\p18f2520.asm
                   ADCON1   0x000fc1       data     extern E:\3.45\pic18-lt\cxx-framework\src\traditional\proc\p18f2520.asm
               ADCON1bits   0x000fc1       data     extern E:\3.45\pic18-lt\cxx-framework\src\traditional\proc\p18f2520.asm
                   ADCON2   0x000fc0       data     extern E:\3.45\pic18-lt\cxx-framework\src\traditional\proc\p18f2520.asm
               ADCON2bits   0x000fc0       data     extern E:\3.45\pic18-lt\cxx-framework\src\traditional\proc\p18f2520.asm
                    ADRES   0x000fc3       data     extern E:\3.45\pic18-lt\cxx-framework\src\traditional\proc\p18f2520.asm
                   ADRESH   0x000fc4       data     extern E:\3.45\pic18-lt\cxx-framework\src\traditional\proc\p18f2520.asm
                   ADRESL   0x000fc3       data     extern E:\3.45\pic18-lt\cxx-framework\src\traditional\proc\p18f2520.asm
                       B1   0x00010a       data     extern C:\Users\Deezy\Documents\PIC_Programs\Olimex_PIC-MT.X\buttons.c
                       B2   0x00010b       data     extern C:\Users\Deezy\Documents\PIC_Programs\Olimex_PIC-MT.X\buttons.c
                       B3   0x00010c       data     extern C:\Users\Deezy\Documents\PIC_Programs\Olimex_PIC-MT.X\buttons.c
                       B4   0x00010d       data     extern C:\Users\Deezy\Documents\PIC_Programs\Olimex_PIC-MT.X\buttons.c
                       B5   0x00010e       data     extern C:\Users\Deezy\Documents\PIC_Programs\Olimex_PIC-MT.X\buttons.c
                       B6   0x00010f       data     extern C:\Users\Deezy\Documents\PIC_Programs\Olimex_PIC-MT.X\buttons.c
                  BAUDCON   0x000fb8       data     extern E:\3.45\pic18-lt\cxx-framework\src\traditional\proc\p18f2520.asm
              BAUDCONbits   0x000fb8       data     extern E:\3.45\pic18-lt\cxx-framework\src\traditional\proc\p18f2520.asm
                  BAUDCTL   0x000fb8       data     extern E:\3.45\pic18-lt\cxx-framework\src\traditional\proc\p18f2520.asm
              BAUDCTLbits   0x000fb8       data     extern E:\3.45\pic18-lt\cxx-framework\src\traditional\proc\p18f2520.asm
                      BSR   0x000fe0       data     extern E:\3.45\pic18-lt\cxx-framework\src\traditional\proc\p18f2520.asm
                  CCP1CON   0x000fbd       data     extern E:\3.45\pic18-lt\cxx-framework\src\traditional\proc\p18f2520.asm
              CCP1CONbits   0x000fbd       data     extern E:\3.45\pic18-lt\cxx-framework\src\traditional\proc\p18f2520.asm
                  CCP2CON   0x000fba       data     extern E:\3.45\pic18-lt\cxx-framework\src\traditional\proc\p18f2520.asm
              CCP2CONbits   0x000fba       data     extern E:\3.45\pic18-lt\cxx-framework\src\traditional\proc\p18f2520.asm
                    CCPR1   0x000fbe       data     extern E:\3.45\pic18-lt\cxx-framework\src\traditional\proc\p18f2520.asm
                   CCPR1H   0x000fbf       data     extern E:\3.45\pic18-lt\cxx-framework\src\traditional\proc\p18f2520.asm
                   CCPR1L   0x000fbe       data     extern E:\3.45\pic18-lt\cxx-framework\src\traditional\proc\p18f2520.asm
                    CCPR2   0x000fbb       data     extern E:\3.45\pic18-lt\cxx-framework\src\traditional\proc\p18f2520.asm
                   CCPR2H   0x000fbc       data     extern E:\3.45\pic18-lt\cxx-framework\src\traditional\proc\p18f2520.asm
                   CCPR2L   0x000fbb       data     extern E:\3.45\pic18-lt\cxx-framework\src\traditional\proc\p18f2520.asm
                    CMCON   0x000fb4       data     extern E:\3.45\pic18-lt\cxx-framework\src\traditional\proc\p18f2520.asm
                CMCONbits   0x000fb4       data     extern E:\3.45\pic18-lt\cxx-framework\src\traditional\proc\p18f2520.asm
                  CUR_COL   0x0000ee       data     extern C:\Users\Deezy\Documents\PIC_Programs\Olimex_PIC-MT.X\lcd.c
                  CUR_ROW   0x0000ed       data     extern C:\Users\Deezy\Documents\PIC_Programs\Olimex_PIC-MT.X\lcd.c
             CUR_TIME_OFF   0x0000e8       data     extern C:\Users\Deezy\Documents\PIC_Programs\Olimex_PIC-MT.X\main.c
              CUR_TIME_ON   0x0000e6       data     extern C:\Users\Deezy\Documents\PIC_Programs\Olimex_PIC-MT.X\main.c
                   CVRCON   0x000fb5       data     extern E:\3.45\pic18-lt\cxx-framework\src\traditional\proc\p18f2520.asm
               CVRCONbits   0x000fb5       data     extern E:\3.45\pic18-lt\cxx-framework\src\traditional\proc\p18f2520.asm
                     DDRA   0x000f92       data     extern E:\3.45\pic18-lt\cxx-framework\src\traditional\proc\p18f2520.asm
                 DDRAbits   0x000f92       data     extern E:\3.45\pic18-lt\cxx-framework\src\traditional\proc\p18f2520.asm
                     DDRB   0x000f93       data     extern E:\3.45\pic18-lt\cxx-framework\src\traditional\proc\p18f2520.asm
                 DDRBbits   0x000f93       data     extern E:\3.45\pic18-lt\cxx-framework\src\traditional\proc\p18f2520.asm
                     DDRC   0x000f94       data     extern E:\3.45\pic18-lt\cxx-framework\src\traditional\proc\p18f2520.asm
                 DDRCbits   0x000f94       data     extern E:\3.45\pic18-lt\cxx-framework\src\traditional\proc\p18f2520.asm
            DelayCounter1   0x00001c       data     extern E:\3.45\pic18-lt\cxx-framework\src\traditional\delays\delayd1.asm
                  ECCP1AS   0x000fb6       data     extern E:\3.45\pic18-lt\cxx-framework\src\traditional\proc\p18f2520.asm
              ECCP1ASbits   0x000fb6       data     extern E:\3.45\pic18-lt\cxx-framework\src\traditional\proc\p18f2520.asm
                 ECCP1DEL   0x000fb7       data     extern E:\3.45\pic18-lt\cxx-framework\src\traditional\proc\p18f2520.asm
             ECCP1DELbits   0x000fb7       data     extern E:\3.45\pic18-lt\cxx-framework\src\traditional\proc\p18f2520.asm
                   ECCPAS   0x000fb6       data     extern E:\3.45\pic18-lt\cxx-framework\src\traditional\proc\p18f2520.asm
               ECCPASbits   0x000fb6       data     extern E:\3.45\pic18-lt\cxx-framework\src\traditional\proc\p18f2520.asm
                    EEADR   0x000fa9       data     extern E:\3.45\pic18-lt\cxx-framework\src\traditional\proc\p18f2520.asm
                   EECON1   0x000fa6       data     extern E:\3.45\pic18-lt\cxx-framework\src\traditional\proc\p18f2520.asm
               EECON1bits   0x000fa6       data     extern E:\3.45\pic18-lt\cxx-framework\src\traditional\proc\p18f2520.asm
                   EECON2   0x000fa7       data     extern E:\3.45\pic18-lt\cxx-framework\src\traditional\proc\p18f2520.asm
                   EEDATA   0x000fa8       data     extern E:\3.45\pic18-lt\cxx-framework\src\traditional\proc\p18f2520.asm
                     FSR0   0x000fe9       data     extern E:\3.45\pic18-lt\cxx-framework\src\traditional\proc\p18f2520.asm
                    FSR0H   0x000fea       data     extern E:\3.45\pic18-lt\cxx-framework\src\traditional\proc\p18f2520.asm
                    FSR0L   0x000fe9       data     extern E:\3.45\pic18-lt\cxx-framework\src\traditional\proc\p18f2520.asm
                     FSR1   0x000fe1       data     extern E:\3.45\pic18-lt\cxx-framework\src\traditional\proc\p18f2520.asm
                    FSR1H   0x000fe2       data     extern E:\3.45\pic18-lt\cxx-framework\src\traditional\proc\p18f2520.asm
                    FSR1L   0x000fe1       data     extern E:\3.45\pic18-lt\cxx-framework\src\traditional\proc\p18f2520.asm
                     FSR2   0x000fd9       data     extern E:\3.45\pic18-lt\cxx-framework\src\traditional\proc\p18f2520.asm
                    FSR2H   0x000fda       data     extern E:\3.45\pic18-lt\cxx-framework\src\traditional\proc\p18f2520.asm
                    FSR2L   0x000fd9       data     extern E:\3.45\pic18-lt\cxx-framework\src\traditional\proc\p18f2520.asm
                  HLVDCON   0x000fd2       data     extern E:\3.45\pic18-lt\cxx-framework\src\traditional\proc\p18f2520.asm
              HLVDCONbits   0x000fd2       data     extern E:\3.45\pic18-lt\cxx-framework\src\traditional\proc\p18f2520.asm
                    INDF0   0x000fef       data     extern E:\3.45\pic18-lt\cxx-framework\src\traditional\proc\p18f2520.asm
                    INDF1   0x000fe7       data     extern E:\3.45\pic18-lt\cxx-framework\src\traditional\proc\p18f2520.asm
                    INDF2   0x000fdf       data     extern E:\3.45\pic18-lt\cxx-framework\src\traditional\proc\p18f2520.asm
                   INTCON   0x000ff2       data     extern E:\3.45\pic18-lt\cxx-framework\src\traditional\proc\p18f2520.asm
                  INTCON2   0x000ff1       data     extern E:\3.45\pic18-lt\cxx-framework\src\traditional\proc\p18f2520.asm
              INTCON2bits   0x000ff1       data     extern E:\3.45\pic18-lt\cxx-framework\src\traditional\proc\p18f2520.asm
                  INTCON3   0x000ff0       data     extern E:\3.45\pic18-lt\cxx-framework\src\traditional\proc\p18f2520.asm
              INTCON3bits   0x000ff0       data     extern E:\3.45\pic18-lt\cxx-framework\src\traditional\proc\p18f2520.asm
               INTCONbits   0x000ff2       data     extern E:\3.45\pic18-lt\cxx-framework\src\traditional\proc\p18f2520.asm
                     IPR1   0x000f9f       data     extern E:\3.45\pic18-lt\cxx-framework\src\traditional\proc\p18f2520.asm
                 IPR1bits   0x000f9f       data     extern E:\3.45\pic18-lt\cxx-framework\src\traditional\proc\p18f2520.asm
                     IPR2   0x000fa2       data     extern E:\3.45\pic18-lt\cxx-framework\src\traditional\proc\p18f2520.asm
                 IPR2bits   0x000fa2       data     extern E:\3.45\pic18-lt\cxx-framework\src\traditional\proc\p18f2520.asm
                     LATA   0x000f89       data     extern E:\3.45\pic18-lt\cxx-framework\src\traditional\proc\p18f2520.asm
                 LATAbits   0x000f89       data     extern E:\3.45\pic18-lt\cxx-framework\src\traditional\proc\p18f2520.asm
                     LATB   0x000f8a       data     extern E:\3.45\pic18-lt\cxx-framework\src\traditional\proc\p18f2520.asm
                 LATBbits   0x000f8a       data     extern E:\3.45\pic18-lt\cxx-framework\src\traditional\proc\p18f2520.asm
                     LATC   0x000f8b       data     extern E:\3.45\pic18-lt\cxx-framework\src\traditional\proc\p18f2520.asm
                 LATCbits   0x000f8b       data     extern E:\3.45\pic18-lt\cxx-framework\src\traditional\proc\p18f2520.asm
                 LOOP_CNT   0x0000eb       data     extern C:\Users\Deezy\Documents\PIC_Programs\Olimex_PIC-MT.X\main.c
                   LVDCON   0x000fd2       data     extern E:\3.45\pic18-lt\cxx-framework\src\traditional\proc\p18f2520.asm
               LVDCONbits   0x000fd2       data     extern E:\3.45\pic18-lt\cxx-framework\src\traditional\proc\p18f2520.asm
                   OSCCON   0x000fd3       data     extern E:\3.45\pic18-lt\cxx-framework\src\traditional\proc\p18f2520.asm
               OSCCONbits   0x000fd3       data     extern E:\3.45\pic18-lt\cxx-framework\src\traditional\proc\p18f2520.asm
                  OSCTUNE   0x000f9b       data     extern E:\3.45\pic18-lt\cxx-framework\src\traditional\proc\p18f2520.asm
              OSCTUNEbits   0x000f9b       data     extern E:\3.45\pic18-lt\cxx-framework\src\traditional\proc\p18f2520.asm
                OlimexMsg   0x0000ef       data     extern C:\Users\Deezy\Documents\PIC_Programs\Olimex_PIC-MT.X\lcd.c
                       PC   0x000ff9       data     extern E:\3.45\pic18-lt\cxx-framework\src\traditional\proc\p18f2520.asm
                      PCL   0x000ff9       data     extern E:\3.45\pic18-lt\cxx-framework\src\traditional\proc\p18f2520.asm
                   PCLATH   0x000ffa       data     extern E:\3.45\pic18-lt\cxx-framework\src\traditional\proc\p18f2520.asm
                   PCLATU   0x000ffb       data     extern E:\3.45\pic18-lt\cxx-framework\src\traditional\proc\p18f2520.asm
                     PIE1   0x000f9d       data     extern E:\3.45\pic18-lt\cxx-framework\src\traditional\proc\p18f2520.asm
                 PIE1bits   0x000f9d       data     extern E:\3.45\pic18-lt\cxx-framework\src\traditional\proc\p18f2520.asm
                     PIE2   0x000fa0       data     extern E:\3.45\pic18-lt\cxx-framework\src\traditional\proc\p18f2520.asm
                 PIE2bits   0x000fa0       data     extern E:\3.45\pic18-lt\cxx-framework\src\traditional\proc\p18f2520.asm
                     PIR1   0x000f9e       data     extern E:\3.45\pic18-lt\cxx-framework\src\traditional\proc\p18f2520.asm
                 PIR1bits   0x000f9e       data     extern E:\3.45\pic18-lt\cxx-framework\src\traditional\proc\p18f2520.asm
                     PIR2   0x000fa1       data     extern E:\3.45\pic18-lt\cxx-framework\src\traditional\proc\p18f2520.asm
                 PIR2bits   0x000fa1       data     extern E:\3.45\pic18-lt\cxx-framework\src\traditional\proc\p18f2520.asm
                   PLUSW0   0x000feb       data     extern E:\3.45\pic18-lt\cxx-framework\src\traditional\proc\p18f2520.asm
                   PLUSW1   0x000fe3       data     extern E:\3.45\pic18-lt\cxx-framework\src\traditional\proc\p18f2520.asm
                   PLUSW2   0x000fdb       data     extern E:\3.45\pic18-lt\cxx-framework\src\traditional\proc\p18f2520.asm
                    PORTA   0x000f80       data     extern E:\3.45\pic18-lt\cxx-framework\src\traditional\proc\p18f2520.asm
                PORTAbits   0x000f80       data     extern E:\3.45\pic18-lt\cxx-framework\src\traditional\proc\p18f2520.asm
                    PORTB   0x000f81       data     extern E:\3.45\pic18-lt\cxx-framework\src\traditional\proc\p18f2520.asm
                PORTBbits   0x000f81       data     extern E:\3.45\pic18-lt\cxx-framework\src\traditional\proc\p18f2520.asm
                    PORTC   0x000f82       data     extern E:\3.45\pic18-lt\cxx-framework\src\traditional\proc\p18f2520.asm
                PORTCbits   0x000f82       data     extern E:\3.45\pic18-lt\cxx-framework\src\traditional\proc\p18f2520.asm
                    PORTE   0x000f84       data     extern E:\3.45\pic18-lt\cxx-framework\src\traditional\proc\p18f2520.asm
                PORTEbits   0x000f84       data     extern E:\3.45\pic18-lt\cxx-framework\src\traditional\proc\p18f2520.asm
                 POSTDEC0   0x000fed       data     extern E:\3.45\pic18-lt\cxx-framework\src\traditional\proc\p18f2520.asm
                 POSTDEC1   0x000fe5       data     extern E:\3.45\pic18-lt\cxx-framework\src\traditional\proc\p18f2520.asm
                 POSTDEC2   0x000fdd       data     extern E:\3.45\pic18-lt\cxx-framework\src\traditional\proc\p18f2520.asm
                 POSTINC0   0x000fee       data     extern E:\3.45\pic18-lt\cxx-framework\src\traditional\proc\p18f2520.asm
                 POSTINC1   0x000fe6       data     extern E:\3.45\pic18-lt\cxx-framework\src\traditional\proc\p18f2520.asm
                 POSTINC2   0x000fde       data     extern E:\3.45\pic18-lt\cxx-framework\src\traditional\proc\p18f2520.asm
                      PR2   0x000fcb       data     extern E:\3.45\pic18-lt\cxx-framework\src\traditional\proc\p18f2520.asm
                  PREINC0   0x000fec       data     extern E:\3.45\pic18-lt\cxx-framework\src\traditional\proc\p18f2520.asm
                  PREINC1   0x000fe4       data     extern E:\3.45\pic18-lt\cxx-framework\src\traditional\proc\p18f2520.asm
                  PREINC2   0x000fdc       data     extern E:\3.45\pic18-lt\cxx-framework\src\traditional\proc\p18f2520.asm
                     PROD   0x000ff3       data     extern E:\3.45\pic18-lt\cxx-framework\src\traditional\proc\p18f2520.asm
                    PRODH   0x000ff4       data     extern E:\3.45\pic18-lt\cxx-framework\src\traditional\proc\p18f2520.asm
                    PRODL   0x000ff3       data     extern E:\3.45\pic18-lt\cxx-framework\src\traditional\proc\p18f2520.asm
            PROGRAM_STATE   0x0000ea       data     extern C:\Users\Deezy\Documents\PIC_Programs\Olimex_PIC-MT.X\main.c
                  PWM1CON   0x000fb7       data     extern E:\3.45\pic18-lt\cxx-framework\src\traditional\proc\p18f2520.asm
              PWM1CONbits   0x000fb7       data     extern E:\3.45\pic18-lt\cxx-framework\src\traditional\proc\p18f2520.asm
                     RCON   0x000fd0       data     extern E:\3.45\pic18-lt\cxx-framework\src\traditional\proc\p18f2520.asm
                 RCONbits   0x000fd0       data     extern E:\3.45\pic18-lt\cxx-framework\src\traditional\proc\p18f2520.asm
                    RCREG   0x000fae       data     extern E:\3.45\pic18-lt\cxx-framework\src\traditional\proc\p18f2520.asm
                    RCSTA   0x000fab       data     extern E:\3.45\pic18-lt\cxx-framework\src\traditional\proc\p18f2520.asm
                RCSTAbits   0x000fab       data     extern E:\3.45\pic18-lt\cxx-framework\src\traditional\proc\p18f2520.asm
                RX_BUFFER   0x000080       data     extern C:\Users\Deezy\Documents\PIC_Programs\Olimex_PIC-MT.X\main.c
                  RX_CHAR   0x0000c1       data     extern C:\Users\Deezy\Documents\PIC_Programs\Olimex_PIC-MT.X\main.c
                 RX_INDEX   0x0000c0       data     extern C:\Users\Deezy\Documents\PIC_Programs\Olimex_PIC-MT.X\main.c
                     SIGN   0x000000       data     extern E:\3.45\pic18-lt\cxx-framework\src\traditional\math\cmath18.asm
                    SPBRG   0x000faf       data     extern E:\3.45\pic18-lt\cxx-framework\src\traditional\proc\p18f2520.asm
                   SPBRGH   0x000fb0       data     extern E:\3.45\pic18-lt\cxx-framework\src\traditional\proc\p18f2520.asm
                   SSPADD   0x000fc8       data     extern E:\3.45\pic18-lt\cxx-framework\src\traditional\proc\p18f2520.asm
                   SSPBUF   0x000fc9       data     extern E:\3.45\pic18-lt\cxx-framework\src\traditional\proc\p18f2520.asm
                  SSPCON1   0x000fc6       data     extern E:\3.45\pic18-lt\cxx-framework\src\traditional\proc\p18f2520.asm
              SSPCON1bits   0x000fc6       data     extern E:\3.45\pic18-lt\cxx-framework\src\traditional\proc\p18f2520.asm
                  SSPCON2   0x000fc5       data     extern E:\3.45\pic18-lt\cxx-framework\src\traditional\proc\p18f2520.asm
              SSPCON2bits   0x000fc5       data     extern E:\3.45\pic18-lt\cxx-framework\src\traditional\proc\p18f2520.asm
                  SSPSTAT   0x000fc7       data     extern E:\3.45\pic18-lt\cxx-framework\src\traditional\proc\p18f2520.asm
              SSPSTATbits   0x000fc7       data     extern E:\3.45\pic18-lt\cxx-framework\src\traditional\proc\p18f2520.asm
                   STATUS   0x000fd8       data     extern E:\3.45\pic18-lt\cxx-framework\src\traditional\proc\p18f2520.asm
               STATUSbits   0x000fd8       data     extern E:\3.45\pic18-lt\cxx-framework\src\traditional\proc\p18f2520.asm
                   STKPTR   0x000ffc       data     extern E:\3.45\pic18-lt\cxx-framework\src\traditional\proc\p18f2520.asm
               STKPTRbits   0x000ffc       data     extern E:\3.45\pic18-lt\cxx-framework\src\traditional\proc\p18f2520.asm
                    T0CON   0x000fd5       data     extern E:\3.45\pic18-lt\cxx-framework\src\traditional\proc\p18f2520.asm
                T0CONbits   0x000fd5       data     extern E:\3.45\pic18-lt\cxx-framework\src\traditional\proc\p18f2520.asm
                    T1CON   0x000fcd       data     extern E:\3.45\pic18-lt\cxx-framework\src\traditional\proc\p18f2520.asm
                T1CONbits   0x000fcd       data     extern E:\3.45\pic18-lt\cxx-framework\src\traditional\proc\p18f2520.asm
                    T2CON   0x000fca       data     extern E:\3.45\pic18-lt\cxx-framework\src\traditional\proc\p18f2520.asm
                T2CONbits   0x000fca       data     extern E:\3.45\pic18-lt\cxx-framework\src\traditional\proc\p18f2520.asm
                    T3CON   0x000fb1       data     extern E:\3.45\pic18-lt\cxx-framework\src\traditional\proc\p18f2520.asm
                T3CONbits   0x000fb1       data     extern E:\3.45\pic18-lt\cxx-framework\src\traditional\proc\p18f2520.asm
                   TABLAT   0x000ff5       data     extern E:\3.45\pic18-lt\cxx-framework\src\traditional\proc\p18f2520.asm
                   TBLPTR   0x000ff6       data     extern E:\3.45\pic18-lt\cxx-framework\src\traditional\proc\p18f2520.asm
                  TBLPTRH   0x000ff7       data     extern E:\3.45\pic18-lt\cxx-framework\src\traditional\proc\p18f2520.asm
                  TBLPTRL   0x000ff6       data     extern E:\3.45\pic18-lt\cxx-framework\src\traditional\proc\p18f2520.asm
                  TBLPTRU   0x000ff8       data     extern E:\3.45\pic18-lt\cxx-framework\src\traditional\proc\p18f2520.asm
                 TIME_OFF   0x0000e4       data     extern C:\Users\Deezy\Documents\PIC_Programs\Olimex_PIC-MT.X\main.c
                  TIME_ON   0x0000e2       data     extern C:\Users\Deezy\Documents\PIC_Programs\Olimex_PIC-MT.X\main.c
                    TMR0H   0x000fd7       data     extern E:\3.45\pic18-lt\cxx-framework\src\traditional\proc\p18f2520.asm
                    TMR0L   0x000fd6       data     extern E:\3.45\pic18-lt\cxx-framework\src\traditional\proc\p18f2520.asm
                    TMR1H   0x000fcf       data     extern E:\3.45\pic18-lt\cxx-framework\src\traditional\proc\p18f2520.asm
                    TMR1L   0x000fce       data     extern E:\3.45\pic18-lt\cxx-framework\src\traditional\proc\p18f2520.asm
                     TMR2   0x000fcc       data     extern E:\3.45\pic18-lt\cxx-framework\src\traditional\proc\p18f2520.asm
                    TMR3H   0x000fb3       data     extern E:\3.45\pic18-lt\cxx-framework\src\traditional\proc\p18f2520.asm
                    TMR3L   0x000fb2       data     extern E:\3.45\pic18-lt\cxx-framework\src\traditional\proc\p18f2520.asm
                      TOS   0x000ffd       data     extern E:\3.45\pic18-lt\cxx-framework\src\traditional\proc\p18f2520.asm
                     TOSH   0x000ffe       data     extern E:\3.45\pic18-lt\cxx-framework\src\traditional\proc\p18f2520.asm
                     TOSL   0x000ffd       data     extern E:\3.45\pic18-lt\cxx-framework\src\traditional\proc\p18f2520.asm
                     TOSU   0x000fff       data     extern E:\3.45\pic18-lt\cxx-framework\src\traditional\proc\p18f2520.asm
                    TRISA   0x000f92       data     extern E:\3.45\pic18-lt\cxx-framework\src\traditional\proc\p18f2520.asm
                TRISAbits   0x000f92       data     extern E:\3.45\pic18-lt\cxx-framework\src\traditional\proc\p18f2520.asm
                    TRISB   0x000f93       data     extern E:\3.45\pic18-lt\cxx-framework\src\traditional\proc\p18f2520.asm
                TRISBbits   0x000f93       data     extern E:\3.45\pic18-lt\cxx-framework\src\traditional\proc\p18f2520.asm
                    TRISC   0x000f94       data     extern E:\3.45\pic18-lt\cxx-framework\src\traditional\proc\p18f2520.asm
                TRISCbits   0x000f94       data     extern E:\3.45\pic18-lt\cxx-framework\src\traditional\proc\p18f2520.asm
                    TXREG   0x000fad       data     extern E:\3.45\pic18-lt\cxx-framework\src\traditional\proc\p18f2520.asm
                    TXSTA   0x000fac       data     extern E:\3.45\pic18-lt\cxx-framework\src\traditional\proc\p18f2520.asm
                TXSTAbits   0x000fac       data     extern E:\3.45\pic18-lt\cxx-framework\src\traditional\proc\p18f2520.asm
               TimeOffMsg   0x0000d2       data     extern C:\Users\Deezy\Documents\PIC_Programs\Olimex_PIC-MT.X\main.c
                TimeOnMsg   0x0000c2       data     extern C:\Users\Deezy\Documents\PIC_Programs\Olimex_PIC-MT.X\main.c
                        W   0x000fe8       data     extern E:\3.45\pic18-lt\cxx-framework\src\traditional\proc\p18f2520.asm
                   WDTCON   0x000fd1       data     extern E:\3.45\pic18-lt\cxx-framework\src\traditional\proc\p18f2520.asm
               WDTCONbits   0x000fd1       data     extern E:\3.45\pic18-lt\cxx-framework\src\traditional\proc\p18f2520.asm
                     WREG   0x000fe8       data     extern E:\3.45\pic18-lt\cxx-framework\src\traditional\proc\p18f2520.asm
                 __AARGB0   0x000009       data     extern E:\3.45\pic18-lt\cxx-framework\src\traditional\math\aarg.asm
                 __AARGB1   0x000008       data     extern E:\3.45\pic18-lt\cxx-framework\src\traditional\math\aarg.asm
                 __AARGB2   0x000007       data     extern E:\3.45\pic18-lt\cxx-framework\src\traditional\math\aarg.asm
                 __AARGB3   0x000006       data     extern E:\3.45\pic18-lt\cxx-framework\src\traditional\math\aarg.asm
                 __AARGB4   0x000005       data     extern E:\3.45\pic18-lt\cxx-framework\src\traditional\math\aarg.asm
                 __AARGB5   0x000004       data     extern E:\3.45\pic18-lt\cxx-framework\src\traditional\math\aarg.asm
                 __AARGB6   0x000003       data     extern E:\3.45\pic18-lt\cxx-framework\src\traditional\math\aarg.asm
                 __AARGB7   0x000002       data     extern E:\3.45\pic18-lt\cxx-framework\src\traditional\math\aarg.asm
                   __AEXP   0x00000a       data     extern E:\3.45\pic18-lt\cxx-framework\src\traditional\math\aarg.asm
                 __BARGB0   0x00000e       data     extern E:\3.45\pic18-lt\cxx-framework\src\traditional\math\barg.asm
                 __BARGB1   0x00000d       data     extern E:\3.45\pic18-lt\cxx-framework\src\traditional\math\barg.asm
                 __BARGB2   0x00000c       data     extern E:\3.45\pic18-lt\cxx-framework\src\traditional\math\barg.asm
                 __BARGB3   0x00000b       data     extern E:\3.45\pic18-lt\cxx-framework\src\traditional\math\barg.asm
                   __BEXP   0x00000f       data     extern E:\3.45\pic18-lt\cxx-framework\src\traditional\math\barg.asm
                __FPFLAGS   0x000001       data     extern E:\3.45\pic18-lt\cxx-framework\src\traditional\math\cmath18.asm
            __FPFLAGSbits   0x000001       data     extern E:\3.45\pic18-lt\cxx-framework\src\traditional\math\cmath18.asm
                  __REMB0   0x000005       data     extern E:\3.45\pic18-lt\cxx-framework\src\traditional\math\aarg.asm
                  __REMB1   0x000004       data     extern E:\3.45\pic18-lt\cxx-framework\src\traditional\math\aarg.asm
                  __REMB2   0x000003       data     extern E:\3.45\pic18-lt\cxx-framework\src\traditional\math\aarg.asm
                  __REMB3   0x000002       data     extern E:\3.45\pic18-lt\cxx-framework\src\traditional\math\aarg.asm
                   __TEMP   0x000013       data     extern E:\3.45\pic18-lt\cxx-framework\src\traditional\math\temparg.asm
                 __TEMPB0   0x000013       data     extern E:\3.45\pic18-lt\cxx-framework\src\traditional\math\temparg.asm
                 __TEMPB1   0x000012       data     extern E:\3.45\pic18-lt\cxx-framework\src\traditional\math\temparg.asm
                 __TEMPB2   0x000011       data     extern E:\3.45\pic18-lt\cxx-framework\src\traditional\math\temparg.asm
                 __TEMPB3   0x000010       data     extern E:\3.45\pic18-lt\cxx-framework\src\traditional\math\temparg.asm
                  __tmp_0   0x000014       data     static C:\Users\Deezy\Documents\PIC_Programs\Olimex_PIC-MT.X\uart_2520.c
                  __tmp_0   0x000014       data     static C:\Users\Deezy\Documents\PIC_Programs\Olimex_PIC-MT.X\main.c
                  __tmp_0   0x000014       data     static C:\Users\Deezy\Documents\PIC_Programs\Olimex_PIC-MT.X\analog_2520.c
                curr_byte   0x000103       data     static E:\3.45\pic18-lt\cxx-framework\src\traditional\startup\c018i.c
               curr_entry   0x000105       data     static E:\3.45\pic18-lt\cxx-framework\src\traditional\startup\c018i.c
                     data   0x000112       data     extern C:\Users\Deezy\Documents\PIC_Programs\Olimex_PIC-MT.X\lcd.c
                 data_ptr   0x000107       data     static E:\3.45\pic18-lt\cxx-framework\src\traditional\startup\c018i.c
                        i   0x000110       data     extern C:\Users\Deezy\Documents\PIC_Programs\Olimex_PIC-MT.X\lcd.c
                     prom   0x000100       data     static E:\3.45\pic18-lt\cxx-framework\src\traditional\startup\c018i.c



                              Symbols - Sorted by Address
                     Name    Address   Location    Storage File                     
                ---------  ---------  ---------  --------- ---------                
                   _entry   0x000000    program     extern E:\3.45\pic18-lt\cxx-framework\src\traditional\startup\c018i.c
       ___return_lbl00000   0x000004    program     static                          
                   __init   0x000006    program     extern E:\3.45\pic18-lt\cxx-framework\src\traditional\stdclib\__init.c
              high_vector   0x000008    program     extern C:\Users\Deezy\Documents\PIC_Programs\Olimex_PIC-MT.X\main.c
       ___return_lbl00000   0x00000c    program     static                          
       highPriInt_handler   0x000028    program     extern C:\Users\Deezy\Documents\PIC_Programs\Olimex_PIC-MT.X\main.c
               __tmplbl_1   0x00007c    program     static                          
               __tmplbl_0   0x000082    program     static                          
           ___if_lbl00003   0x000088    program     static                          
           ___if_lbl00004   0x0000ac    program     static                          
       ___return_lbl00001   0x0000ac    program     static                          
                     main   0x0000f4    program     extern C:\Users\Deezy\Documents\PIC_Programs\Olimex_PIC-MT.X\main.c
            configuration   0x0005f4    program     extern C:\Users\Deezy\Documents\PIC_Programs\Olimex_PIC-MT.X\main.c
            outputTimeOff   0x00060e    program     extern C:\Users\Deezy\Documents\PIC_Programs\Olimex_PIC-MT.X\main.c
             outputTimeOn   0x0007e8    program     extern C:\Users\Deezy\Documents\PIC_Programs\Olimex_PIC-MT.X\main.c
                mSecDelay   0x00095c    program     extern C:\Users\Deezy\Documents\PIC_Programs\Olimex_PIC-MT.X\main.c
                uSecDelay   0x0009b6    program     extern C:\Users\Deezy\Documents\PIC_Programs\Olimex_PIC-MT.X\main.c
          ___for_lbl00057   0x0009ca    program     static                          
          ___for_lbl00055   0x0009f2    program     static                          
          ___for_lbl00056   0x0009fc    program     static                          
       ___return_lbl00054   0x0009fc    program     static                          
                get_edata   0x000a10    program     extern C:\Users\Deezy\Documents\PIC_Programs\Olimex_PIC-MT.X\main.c
                put_edata   0x000a94    program     extern C:\Users\Deezy\Documents\PIC_Programs\Olimex_PIC-MT.X\main.c
              eeprom_read   0x000ae6    program     extern C:\Users\Deezy\Documents\PIC_Programs\Olimex_PIC-MT.X\main.c
             eeprom_write   0x000b0c    program     extern C:\Users\Deezy\Documents\PIC_Programs\Olimex_PIC-MT.X\main.c
            eepromReadInt   0x000b44    program     extern C:\Users\Deezy\Documents\PIC_Programs\Olimex_PIC-MT.X\main.c
           eepromWriteInt   0x000bfa    program     extern C:\Users\Deezy\Documents\PIC_Programs\Olimex_PIC-MT.X\main.c
                  int2Hex   0x000c58    program     extern C:\Users\Deezy\Documents\PIC_Programs\Olimex_PIC-MT.X\main.c
                  hex2Int   0x000dfc    program     extern C:\Users\Deezy\Documents\PIC_Programs\Olimex_PIC-MT.X\main.c
              getChecksum   0x00106a    program     extern C:\Users\Deezy\Documents\PIC_Programs\Olimex_PIC-MT.X\main.c
                 initUart   0x001126    program     extern C:\Users\Deezy\Documents\PIC_Programs\Olimex_PIC-MT.X\uart_2520.c
                writeUart   0x001152    program     extern C:\Users\Deezy\Documents\PIC_Programs\Olimex_PIC-MT.X\uart_2520.c
                 readUart   0x00116c    program     extern C:\Users\Deezy\Documents\PIC_Programs\Olimex_PIC-MT.X\uart_2520.c
            flushRxBuffer   0x001170    program     extern C:\Users\Deezy\Documents\PIC_Programs\Olimex_PIC-MT.X\uart_2520.c
          writeUartString   0x0011d4    program     extern C:\Users\Deezy\Documents\PIC_Programs\Olimex_PIC-MT.X\uart_2520.c
     writeUartConstString   0x001270    program     extern C:\Users\Deezy\Documents\PIC_Programs\Olimex_PIC-MT.X\uart_2520.c
            parseRxBuffer   0x001316    program     extern C:\Users\Deezy\Documents\PIC_Programs\Olimex_PIC-MT.X\uart_2520.c
                  E_Pulse   0x0013c0    program     extern C:\Users\Deezy\Documents\PIC_Programs\Olimex_PIC-MT.X\lcd.c
       ___return_lbl00000   0x0013d0    program     static                          
                  InitLCD   0x0013d2    program     extern C:\Users\Deezy\Documents\PIC_Programs\Olimex_PIC-MT.X\lcd.c
              LCDSendChar   0x00144c    program     extern C:\Users\Deezy\Documents\PIC_Programs\Olimex_PIC-MT.X\lcd.c
               LCDSendCmd   0x001492    program     extern C:\Users\Deezy\Documents\PIC_Programs\Olimex_PIC-MT.X\lcd.c
               LCDSendStr   0x0014d8    program     extern C:\Users\Deezy\Documents\PIC_Programs\Olimex_PIC-MT.X\lcd.c
             LCDcursorPos   0x00152e    program     extern C:\Users\Deezy\Documents\PIC_Programs\Olimex_PIC-MT.X\lcd.c
             LCDwriteLine   0x00158c    program     extern C:\Users\Deezy\Documents\PIC_Programs\Olimex_PIC-MT.X\lcd.c
               AnalogInit   0x001642    program     extern C:\Users\Deezy\Documents\PIC_Programs\Olimex_PIC-MT.X\analog_2520.c
               getVoltage   0x001656    program     extern C:\Users\Deezy\Documents\PIC_Programs\Olimex_PIC-MT.X\analog_2520.c
              initButtons   0x001846    program     extern C:\Users\Deezy\Documents\PIC_Programs\Olimex_PIC-MT.X\buttons.c
               ButtonScan   0x001868    program     extern C:\Users\Deezy\Documents\PIC_Programs\Olimex_PIC-MT.X\buttons.c
                 ledOnOff   0x00197a    program     extern C:\Users\Deezy\Documents\PIC_Programs\Olimex_PIC-MT.X\buttons.c
               relayOnOff   0x001996    program     extern C:\Users\Deezy\Documents\PIC_Programs\Olimex_PIC-MT.X\buttons.c
                    Beep1   0x0019b2    program     extern C:\Users\Deezy\Documents\PIC_Programs\Olimex_PIC-MT.X\buttons.c
                    Beep2   0x0019f4    program     extern C:\Users\Deezy\Documents\PIC_Programs\Olimex_PIC-MT.X\buttons.c
                 FXD0808S   0x001a36    program     extern E:\3.45\pic18-lt\cxx-framework\src\traditional\math\fxd0808s.asm
                  DA0808S   0x001a42    program     static E:\3.45\pic18-lt\cxx-framework\src\traditional\math\fxd0808s.asm
                   D0808S   0x001a4c    program     static E:\3.45\pic18-lt\cxx-framework\src\traditional\math\fxd0808s.asm
                 D0808SOK   0x001a56    program     static E:\3.45\pic18-lt\cxx-framework\src\traditional\math\fxd0808s.asm
                D0808SNEG   0x001a5a    program     static E:\3.45\pic18-lt\cxx-framework\src\traditional\math\fxd0808s.asm
                  D0808SX   0x001a60    program     static E:\3.45\pic18-lt\cxx-framework\src\traditional\math\fxd0808s.asm
                 FXD2424S   0x001a6a    program     extern E:\3.45\pic18-lt\cxx-framework\src\traditional\math\fxd2424s.asm
                  DA2424S   0x001a80    program     static E:\3.45\pic18-lt\cxx-framework\src\traditional\math\fxd2424s.asm
                   D2424S   0x001a94    program     static E:\3.45\pic18-lt\cxx-framework\src\traditional\math\fxd2424s.asm
                 D2424SOK   0x001a9e    program     static E:\3.45\pic18-lt\cxx-framework\src\traditional\math\fxd2424s.asm
                D2424SNEG   0x001aa2    program     static E:\3.45\pic18-lt\cxx-framework\src\traditional\math\fxd2424s.asm
                  D2424SX   0x001aba    program     static E:\3.45\pic18-lt\cxx-framework\src\traditional\math\fxd2424s.asm
                 FXM1616U   0x001ac4    program     extern E:\3.45\pic18-lt\cxx-framework\src\traditional\math\fxm1616u.asm
                _do_cinit   0x001b00    program     extern E:\3.45\pic18-lt\cxx-framework\src\traditional\startup\c018i.c
                     test   0x001b1a    program     static                          
                copy_loop   0x001b72    program     static                          
            copy_one_byte   0x001b78    program     static                          
             done_copying   0x001b86    program     static                          
       ___return_lbl00002   0x001b9c    program     static                          
                     done   0x001b9c    program     static                          
               Timer0Init   0x001b9e    program     extern C:\Users\Deezy\Documents\PIC_Programs\Olimex_PIC-MT.X\timers.c
           Timer0Overflow   0x001bbc    program     extern C:\Users\Deezy\Documents\PIC_Programs\Olimex_PIC-MT.X\timers.c
               Timer1Init   0x001bce    program     extern C:\Users\Deezy\Documents\PIC_Programs\Olimex_PIC-MT.X\timers.c
                 FXD2424U   0x001be0    program     extern E:\3.45\pic18-lt\cxx-framework\src\traditional\math\fxd2424u.c
                     loop   0x001bec    program     static                          
                   _false   0x001c14    program     static                          
       ___return_lbl00000   0x001c18    program     static                          
                 FXD1616U   0x001c1a    program     extern E:\3.45\pic18-lt\cxx-framework\src\traditional\math\fxd1616u.c
                     loop   0x001c24    program     static                          
                  endloop   0x001c40    program     static                          
       ___return_lbl00000   0x001c44    program     static                          
              Delay1KTCYx   0x001c46    program     extern E:\3.45\pic18-lt\cxx-framework\src\traditional\delays\d1ktcyx.asm
                     D1Kx   0x001c50    program     static E:\3.45\pic18-lt\cxx-framework\src\traditional\delays\d1ktcyx.asm
                    D1K_1   0x001c52    program     static E:\3.45\pic18-lt\cxx-framework\src\traditional\delays\d1ktcyx.asm
        _D1KTCYXCODE_0010   0x001c56    program     static E:\3.45\pic18-lt\cxx-framework\src\traditional\delays\d1ktcyx.asm
        _D1KTCYXCODE_0016   0x001c5c    program     static E:\3.45\pic18-lt\cxx-framework\src\traditional\delays\d1ktcyx.asm
            __zero_memory   0x001c66    program     extern E:\3.45\pic18-lt\cxx-framework\src\traditional\proc\p18f2520.asm
               zero_block   0x001c74    program     static E:\3.45\pic18-lt\cxx-framework\src\traditional\proc\p18f2520.asm
                   loop_h   0x001c74    program     static E:\3.45\pic18-lt\cxx-framework\src\traditional\proc\p18f2520.asm
                compare_l   0x001c7c    program     static E:\3.45\pic18-lt\cxx-framework\src\traditional\proc\p18f2520.asm
                   loop_l   0x001c7e    program     static E:\3.45\pic18-lt\cxx-framework\src\traditional\proc\p18f2520.asm
                 _startup   0x001c86    program     extern E:\3.45\pic18-lt\cxx-framework\src\traditional\startup\c018i.c
                     loop   0x001c96    program     static                          
       ___return_lbl00001   0x001ca0    program     static                          
                 FXD0808U   0x001ca2    program     extern E:\3.45\pic18-lt\cxx-framework\src\traditional\math\fxd0808u.c
                     loop   0x001caa    program     static                          
                  endloop   0x001cb8    program     static                          
       ___return_lbl00000   0x001cbc    program     static                          
            InterruptInit   0x001cbe    program     extern C:\Users\Deezy\Documents\PIC_Programs\Olimex_PIC-MT.X\interrupts_2520.c
               __config_0   0x300001    program     static C:\Users\Deezy\Documents\PIC_Programs\Olimex_PIC-MT.X\main.c
               __config_1   0x300003    program     static C:\Users\Deezy\Documents\PIC_Programs\Olimex_PIC-MT.X\main.c
               __config_2   0x300005    program     static C:\Users\Deezy\Documents\PIC_Programs\Olimex_PIC-MT.X\main.c
               __config_3   0x300006    program     static C:\Users\Deezy\Documents\PIC_Programs\Olimex_PIC-MT.X\main.c
               __config_4   0x300009    program     static C:\Users\Deezy\Documents\PIC_Programs\Olimex_PIC-MT.X\main.c
               __config_5   0x30000b    program     static C:\Users\Deezy\Documents\PIC_Programs\Olimex_PIC-MT.X\main.c
             serialNumber   0xf00000    program     extern C:\Users\Deezy\Documents\PIC_Programs\Olimex_PIC-MT.X\main.c
                     SIGN   0x000000       data     extern E:\3.45\pic18-lt\cxx-framework\src\traditional\math\cmath18.asm
                __FPFLAGS   0x000001       data     extern E:\3.45\pic18-lt\cxx-framework\src\traditional\math\cmath18.asm
            __FPFLAGSbits   0x000001       data     extern E:\3.45\pic18-lt\cxx-framework\src\traditional\math\cmath18.asm
                 __AARGB7   0x000002       data     extern E:\3.45\pic18-lt\cxx-framework\src\traditional\math\aarg.asm
                  __REMB3   0x000002       data     extern E:\3.45\pic18-lt\cxx-framework\src\traditional\math\aarg.asm
                 __AARGB6   0x000003       data     extern E:\3.45\pic18-lt\cxx-framework\src\traditional\math\aarg.asm
                  __REMB2   0x000003       data     extern E:\3.45\pic18-lt\cxx-framework\src\traditional\math\aarg.asm
                 __AARGB5   0x000004       data     extern E:\3.45\pic18-lt\cxx-framework\src\traditional\math\aarg.asm
                  __REMB1   0x000004       data     extern E:\3.45\pic18-lt\cxx-framework\src\traditional\math\aarg.asm
                 __AARGB4   0x000005       data     extern E:\3.45\pic18-lt\cxx-framework\src\traditional\math\aarg.asm
                  __REMB0   0x000005       data     extern E:\3.45\pic18-lt\cxx-framework\src\traditional\math\aarg.asm
                 __AARGB3   0x000006       data     extern E:\3.45\pic18-lt\cxx-framework\src\traditional\math\aarg.asm
                 __AARGB2   0x000007       data     extern E:\3.45\pic18-lt\cxx-framework\src\traditional\math\aarg.asm
                 __AARGB1   0x000008       data     extern E:\3.45\pic18-lt\cxx-framework\src\traditional\math\aarg.asm
                 __AARGB0   0x000009       data     extern E:\3.45\pic18-lt\cxx-framework\src\traditional\math\aarg.asm
                   __AEXP   0x00000a       data     extern E:\3.45\pic18-lt\cxx-framework\src\traditional\math\aarg.asm
                 __BARGB3   0x00000b       data     extern E:\3.45\pic18-lt\cxx-framework\src\traditional\math\barg.asm
                 __BARGB2   0x00000c       data     extern E:\3.45\pic18-lt\cxx-framework\src\traditional\math\barg.asm
                 __BARGB1   0x00000d       data     extern E:\3.45\pic18-lt\cxx-framework\src\traditional\math\barg.asm
                 __BARGB0   0x00000e       data     extern E:\3.45\pic18-lt\cxx-framework\src\traditional\math\barg.asm
                   __BEXP   0x00000f       data     extern E:\3.45\pic18-lt\cxx-framework\src\traditional\math\barg.asm
                 __TEMPB3   0x000010       data     extern E:\3.45\pic18-lt\cxx-framework\src\traditional\math\temparg.asm
                 __TEMPB2   0x000011       data     extern E:\3.45\pic18-lt\cxx-framework\src\traditional\math\temparg.asm
                 __TEMPB1   0x000012       data     extern E:\3.45\pic18-lt\cxx-framework\src\traditional\math\temparg.asm
                 __TEMPB0   0x000013       data     extern E:\3.45\pic18-lt\cxx-framework\src\traditional\math\temparg.asm
                   __TEMP   0x000013       data     extern E:\3.45\pic18-lt\cxx-framework\src\traditional\math\temparg.asm
                  __tmp_0   0x000014       data     static C:\Users\Deezy\Documents\PIC_Programs\Olimex_PIC-MT.X\analog_2520.c
                  __tmp_0   0x000014       data     static C:\Users\Deezy\Documents\PIC_Programs\Olimex_PIC-MT.X\uart_2520.c
                  __tmp_0   0x000014       data     static C:\Users\Deezy\Documents\PIC_Programs\Olimex_PIC-MT.X\main.c
            DelayCounter1   0x00001c       data     extern E:\3.45\pic18-lt\cxx-framework\src\traditional\delays\delayd1.asm
                RX_BUFFER   0x000080       data     extern C:\Users\Deezy\Documents\PIC_Programs\Olimex_PIC-MT.X\main.c
                 RX_INDEX   0x0000c0       data     extern C:\Users\Deezy\Documents\PIC_Programs\Olimex_PIC-MT.X\main.c
                  RX_CHAR   0x0000c1       data     extern C:\Users\Deezy\Documents\PIC_Programs\Olimex_PIC-MT.X\main.c
                TimeOnMsg   0x0000c2       data     extern C:\Users\Deezy\Documents\PIC_Programs\Olimex_PIC-MT.X\main.c
               TimeOffMsg   0x0000d2       data     extern C:\Users\Deezy\Documents\PIC_Programs\Olimex_PIC-MT.X\main.c
                  TIME_ON   0x0000e2       data     extern C:\Users\Deezy\Documents\PIC_Programs\Olimex_PIC-MT.X\main.c
                 TIME_OFF   0x0000e4       data     extern C:\Users\Deezy\Documents\PIC_Programs\Olimex_PIC-MT.X\main.c
              CUR_TIME_ON   0x0000e6       data     extern C:\Users\Deezy\Documents\PIC_Programs\Olimex_PIC-MT.X\main.c
             CUR_TIME_OFF   0x0000e8       data     extern C:\Users\Deezy\Documents\PIC_Programs\Olimex_PIC-MT.X\main.c
            PROGRAM_STATE   0x0000ea       data     extern C:\Users\Deezy\Documents\PIC_Programs\Olimex_PIC-MT.X\main.c
                 LOOP_CNT   0x0000eb       data     extern C:\Users\Deezy\Documents\PIC_Programs\Olimex_PIC-MT.X\main.c
                  CUR_ROW   0x0000ed       data     extern C:\Users\Deezy\Documents\PIC_Programs\Olimex_PIC-MT.X\lcd.c
                  CUR_COL   0x0000ee       data     extern C:\Users\Deezy\Documents\PIC_Programs\Olimex_PIC-MT.X\lcd.c
                OlimexMsg   0x0000ef       data     extern C:\Users\Deezy\Documents\PIC_Programs\Olimex_PIC-MT.X\lcd.c
                     prom   0x000100       data     static E:\3.45\pic18-lt\cxx-framework\src\traditional\startup\c018i.c
                curr_byte   0x000103       data     static E:\3.45\pic18-lt\cxx-framework\src\traditional\startup\c018i.c
               curr_entry   0x000105       data     static E:\3.45\pic18-lt\cxx-framework\src\traditional\startup\c018i.c
                 data_ptr   0x000107       data     static E:\3.45\pic18-lt\cxx-framework\src\traditional\startup\c018i.c
                       B1   0x00010a       data     extern C:\Users\Deezy\Documents\PIC_Programs\Olimex_PIC-MT.X\buttons.c
                       B2   0x00010b       data     extern C:\Users\Deezy\Documents\PIC_Programs\Olimex_PIC-MT.X\buttons.c
                       B3   0x00010c       data     extern C:\Users\Deezy\Documents\PIC_Programs\Olimex_PIC-MT.X\buttons.c
                       B4   0x00010d       data     extern C:\Users\Deezy\Documents\PIC_Programs\Olimex_PIC-MT.X\buttons.c
                       B5   0x00010e       data     extern C:\Users\Deezy\Documents\PIC_Programs\Olimex_PIC-MT.X\buttons.c
                       B6   0x00010f       data     extern C:\Users\Deezy\Documents\PIC_Programs\Olimex_PIC-MT.X\buttons.c
                        i   0x000110       data     extern C:\Users\Deezy\Documents\PIC_Programs\Olimex_PIC-MT.X\lcd.c
                     data   0x000112       data     extern C:\Users\Deezy\Documents\PIC_Programs\Olimex_PIC-MT.X\lcd.c
                PORTAbits   0x000f80       data     extern E:\3.45\pic18-lt\cxx-framework\src\traditional\proc\p18f2520.asm
                    PORTA   0x000f80       data     extern E:\3.45\pic18-lt\cxx-framework\src\traditional\proc\p18f2520.asm
                PORTBbits   0x000f81       data     extern E:\3.45\pic18-lt\cxx-framework\src\traditional\proc\p18f2520.asm
                    PORTB   0x000f81       data     extern E:\3.45\pic18-lt\cxx-framework\src\traditional\proc\p18f2520.asm
                PORTCbits   0x000f82       data     extern E:\3.45\pic18-lt\cxx-framework\src\traditional\proc\p18f2520.asm
                    PORTC   0x000f82       data     extern E:\3.45\pic18-lt\cxx-framework\src\traditional\proc\p18f2520.asm
                PORTEbits   0x000f84       data     extern E:\3.45\pic18-lt\cxx-framework\src\traditional\proc\p18f2520.asm
                    PORTE   0x000f84       data     extern E:\3.45\pic18-lt\cxx-framework\src\traditional\proc\p18f2520.asm
                     LATA   0x000f89       data     extern E:\3.45\pic18-lt\cxx-framework\src\traditional\proc\p18f2520.asm
                 LATAbits   0x000f89       data     extern E:\3.45\pic18-lt\cxx-framework\src\traditional\proc\p18f2520.asm
                     LATB   0x000f8a       data     extern E:\3.45\pic18-lt\cxx-framework\src\traditional\proc\p18f2520.asm
                 LATBbits   0x000f8a       data     extern E:\3.45\pic18-lt\cxx-framework\src\traditional\proc\p18f2520.asm
                     LATC   0x000f8b       data     extern E:\3.45\pic18-lt\cxx-framework\src\traditional\proc\p18f2520.asm
                 LATCbits   0x000f8b       data     extern E:\3.45\pic18-lt\cxx-framework\src\traditional\proc\p18f2520.asm
                TRISAbits   0x000f92       data     extern E:\3.45\pic18-lt\cxx-framework\src\traditional\proc\p18f2520.asm
                    TRISA   0x000f92       data     extern E:\3.45\pic18-lt\cxx-framework\src\traditional\proc\p18f2520.asm
                 DDRAbits   0x000f92       data     extern E:\3.45\pic18-lt\cxx-framework\src\traditional\proc\p18f2520.asm
                     DDRA   0x000f92       data     extern E:\3.45\pic18-lt\cxx-framework\src\traditional\proc\p18f2520.asm
                    TRISB   0x000f93       data     extern E:\3.45\pic18-lt\cxx-framework\src\traditional\proc\p18f2520.asm
                TRISBbits   0x000f93       data     extern E:\3.45\pic18-lt\cxx-framework\src\traditional\proc\p18f2520.asm
                 DDRBbits   0x000f93       data     extern E:\3.45\pic18-lt\cxx-framework\src\traditional\proc\p18f2520.asm
                     DDRB   0x000f93       data     extern E:\3.45\pic18-lt\cxx-framework\src\traditional\proc\p18f2520.asm
                TRISCbits   0x000f94       data     extern E:\3.45\pic18-lt\cxx-framework\src\traditional\proc\p18f2520.asm
                 DDRCbits   0x000f94       data     extern E:\3.45\pic18-lt\cxx-framework\src\traditional\proc\p18f2520.asm
                     DDRC   0x000f94       data     extern E:\3.45\pic18-lt\cxx-framework\src\traditional\proc\p18f2520.asm
                    TRISC   0x000f94       data     extern E:\3.45\pic18-lt\cxx-framework\src\traditional\proc\p18f2520.asm
                  OSCTUNE   0x000f9b       data     extern E:\3.45\pic18-lt\cxx-framework\src\traditional\proc\p18f2520.asm
              OSCTUNEbits   0x000f9b       data     extern E:\3.45\pic18-lt\cxx-framework\src\traditional\proc\p18f2520.asm
                     PIE1   0x000f9d       data     extern E:\3.45\pic18-lt\cxx-framework\src\traditional\proc\p18f2520.asm
                 PIE1bits   0x000f9d       data     extern E:\3.45\pic18-lt\cxx-framework\src\traditional\proc\p18f2520.asm
                 PIR1bits   0x000f9e       data     extern E:\3.45\pic18-lt\cxx-framework\src\traditional\proc\p18f2520.asm
                     PIR1   0x000f9e       data     extern E:\3.45\pic18-lt\cxx-framework\src\traditional\proc\p18f2520.asm
                 IPR1bits   0x000f9f       data     extern E:\3.45\pic18-lt\cxx-framework\src\traditional\proc\p18f2520.asm
                     IPR1   0x000f9f       data     extern E:\3.45\pic18-lt\cxx-framework\src\traditional\proc\p18f2520.asm
                     PIE2   0x000fa0       data     extern E:\3.45\pic18-lt\cxx-framework\src\traditional\proc\p18f2520.asm
                 PIE2bits   0x000fa0       data     extern E:\3.45\pic18-lt\cxx-framework\src\traditional\proc\p18f2520.asm
                 PIR2bits   0x000fa1       data     extern E:\3.45\pic18-lt\cxx-framework\src\traditional\proc\p18f2520.asm
                     PIR2   0x000fa1       data     extern E:\3.45\pic18-lt\cxx-framework\src\traditional\proc\p18f2520.asm
                     IPR2   0x000fa2       data     extern E:\3.45\pic18-lt\cxx-framework\src\traditional\proc\p18f2520.asm
                 IPR2bits   0x000fa2       data     extern E:\3.45\pic18-lt\cxx-framework\src\traditional\proc\p18f2520.asm
               EECON1bits   0x000fa6       data     extern E:\3.45\pic18-lt\cxx-framework\src\traditional\proc\p18f2520.asm
                   EECON1   0x000fa6       data     extern E:\3.45\pic18-lt\cxx-framework\src\traditional\proc\p18f2520.asm
                   EECON2   0x000fa7       data     extern E:\3.45\pic18-lt\cxx-framework\src\traditional\proc\p18f2520.asm
                   EEDATA   0x000fa8       data     extern E:\3.45\pic18-lt\cxx-framework\src\traditional\proc\p18f2520.asm
                    EEADR   0x000fa9       data     extern E:\3.45\pic18-lt\cxx-framework\src\traditional\proc\p18f2520.asm
                RCSTAbits   0x000fab       data     extern E:\3.45\pic18-lt\cxx-framework\src\traditional\proc\p18f2520.asm
                    RCSTA   0x000fab       data     extern E:\3.45\pic18-lt\cxx-framework\src\traditional\proc\p18f2520.asm
                TXSTAbits   0x000fac       data     extern E:\3.45\pic18-lt\cxx-framework\src\traditional\proc\p18f2520.asm
                    TXSTA   0x000fac       data     extern E:\3.45\pic18-lt\cxx-framework\src\traditional\proc\p18f2520.asm
                    TXREG   0x000fad       data     extern E:\3.45\pic18-lt\cxx-framework\src\traditional\proc\p18f2520.asm
                    RCREG   0x000fae       data     extern E:\3.45\pic18-lt\cxx-framework\src\traditional\proc\p18f2520.asm
                    SPBRG   0x000faf       data     extern E:\3.45\pic18-lt\cxx-framework\src\traditional\proc\p18f2520.asm
                   SPBRGH   0x000fb0       data     extern E:\3.45\pic18-lt\cxx-framework\src\traditional\proc\p18f2520.asm
                    T3CON   0x000fb1       data     extern E:\3.45\pic18-lt\cxx-framework\src\traditional\proc\p18f2520.asm
                T3CONbits   0x000fb1       data     extern E:\3.45\pic18-lt\cxx-framework\src\traditional\proc\p18f2520.asm
                    TMR3L   0x000fb2       data     extern E:\3.45\pic18-lt\cxx-framework\src\traditional\proc\p18f2520.asm
                    TMR3H   0x000fb3       data     extern E:\3.45\pic18-lt\cxx-framework\src\traditional\proc\p18f2520.asm
                    CMCON   0x000fb4       data     extern E:\3.45\pic18-lt\cxx-framework\src\traditional\proc\p18f2520.asm
                CMCONbits   0x000fb4       data     extern E:\3.45\pic18-lt\cxx-framework\src\traditional\proc\p18f2520.asm
                   CVRCON   0x000fb5       data     extern E:\3.45\pic18-lt\cxx-framework\src\traditional\proc\p18f2520.asm
               CVRCONbits   0x000fb5       data     extern E:\3.45\pic18-lt\cxx-framework\src\traditional\proc\p18f2520.asm
              ECCP1ASbits   0x000fb6       data     extern E:\3.45\pic18-lt\cxx-framework\src\traditional\proc\p18f2520.asm
                  ECCP1AS   0x000fb6       data     extern E:\3.45\pic18-lt\cxx-framework\src\traditional\proc\p18f2520.asm
               ECCPASbits   0x000fb6       data     extern E:\3.45\pic18-lt\cxx-framework\src\traditional\proc\p18f2520.asm
                   ECCPAS   0x000fb6       data     extern E:\3.45\pic18-lt\cxx-framework\src\traditional\proc\p18f2520.asm
              PWM1CONbits   0x000fb7       data     extern E:\3.45\pic18-lt\cxx-framework\src\traditional\proc\p18f2520.asm
                  PWM1CON   0x000fb7       data     extern E:\3.45\pic18-lt\cxx-framework\src\traditional\proc\p18f2520.asm
                 ECCP1DEL   0x000fb7       data     extern E:\3.45\pic18-lt\cxx-framework\src\traditional\proc\p18f2520.asm
             ECCP1DELbits   0x000fb7       data     extern E:\3.45\pic18-lt\cxx-framework\src\traditional\proc\p18f2520.asm
              BAUDCTLbits   0x000fb8       data     extern E:\3.45\pic18-lt\cxx-framework\src\traditional\proc\p18f2520.asm
                  BAUDCTL   0x000fb8       data     extern E:\3.45\pic18-lt\cxx-framework\src\traditional\proc\p18f2520.asm
              BAUDCONbits   0x000fb8       data     extern E:\3.45\pic18-lt\cxx-framework\src\traditional\proc\p18f2520.asm
                  BAUDCON   0x000fb8       data     extern E:\3.45\pic18-lt\cxx-framework\src\traditional\proc\p18f2520.asm
              CCP2CONbits   0x000fba       data     extern E:\3.45\pic18-lt\cxx-framework\src\traditional\proc\p18f2520.asm
                  CCP2CON   0x000fba       data     extern E:\3.45\pic18-lt\cxx-framework\src\traditional\proc\p18f2520.asm
                   CCPR2L   0x000fbb       data     extern E:\3.45\pic18-lt\cxx-framework\src\traditional\proc\p18f2520.asm
                    CCPR2   0x000fbb       data     extern E:\3.45\pic18-lt\cxx-framework\src\traditional\proc\p18f2520.asm
                   CCPR2H   0x000fbc       data     extern E:\3.45\pic18-lt\cxx-framework\src\traditional\proc\p18f2520.asm
                  CCP1CON   0x000fbd       data     extern E:\3.45\pic18-lt\cxx-framework\src\traditional\proc\p18f2520.asm
              CCP1CONbits   0x000fbd       data     extern E:\3.45\pic18-lt\cxx-framework\src\traditional\proc\p18f2520.asm
                    CCPR1   0x000fbe       data     extern E:\3.45\pic18-lt\cxx-framework\src\traditional\proc\p18f2520.asm
                   CCPR1L   0x000fbe       data     extern E:\3.45\pic18-lt\cxx-framework\src\traditional\proc\p18f2520.asm
                   CCPR1H   0x000fbf       data     extern E:\3.45\pic18-lt\cxx-framework\src\traditional\proc\p18f2520.asm
               ADCON2bits   0x000fc0       data     extern E:\3.45\pic18-lt\cxx-framework\src\traditional\proc\p18f2520.asm
                   ADCON2   0x000fc0       data     extern E:\3.45\pic18-lt\cxx-framework\src\traditional\proc\p18f2520.asm
               ADCON1bits   0x000fc1       data     extern E:\3.45\pic18-lt\cxx-framework\src\traditional\proc\p18f2520.asm
                   ADCON1   0x000fc1       data     extern E:\3.45\pic18-lt\cxx-framework\src\traditional\proc\p18f2520.asm
               ADCON0bits   0x000fc2       data     extern E:\3.45\pic18-lt\cxx-framework\src\traditional\proc\p18f2520.asm
                   ADCON0   0x000fc2       data     extern E:\3.45\pic18-lt\cxx-framework\src\traditional\proc\p18f2520.asm
                   ADRESL   0x000fc3       data     extern E:\3.45\pic18-lt\cxx-framework\src\traditional\proc\p18f2520.asm
                    ADRES   0x000fc3       data     extern E:\3.45\pic18-lt\cxx-framework\src\traditional\proc\p18f2520.asm
                   ADRESH   0x000fc4       data     extern E:\3.45\pic18-lt\cxx-framework\src\traditional\proc\p18f2520.asm
                  SSPCON2   0x000fc5       data     extern E:\3.45\pic18-lt\cxx-framework\src\traditional\proc\p18f2520.asm
              SSPCON2bits   0x000fc5       data     extern E:\3.45\pic18-lt\cxx-framework\src\traditional\proc\p18f2520.asm
                  SSPCON1   0x000fc6       data     extern E:\3.45\pic18-lt\cxx-framework\src\traditional\proc\p18f2520.asm
              SSPCON1bits   0x000fc6       data     extern E:\3.45\pic18-lt\cxx-framework\src\traditional\proc\p18f2520.asm
                  SSPSTAT   0x000fc7       data     extern E:\3.45\pic18-lt\cxx-framework\src\traditional\proc\p18f2520.asm
              SSPSTATbits   0x000fc7       data     extern E:\3.45\pic18-lt\cxx-framework\src\traditional\proc\p18f2520.asm
                   SSPADD   0x000fc8       data     extern E:\3.45\pic18-lt\cxx-framework\src\traditional\proc\p18f2520.asm
                   SSPBUF   0x000fc9       data     extern E:\3.45\pic18-lt\cxx-framework\src\traditional\proc\p18f2520.asm
                T2CONbits   0x000fca       data     extern E:\3.45\pic18-lt\cxx-framework\src\traditional\proc\p18f2520.asm
                    T2CON   0x000fca       data     extern E:\3.45\pic18-lt\cxx-framework\src\traditional\proc\p18f2520.asm
                      PR2   0x000fcb       data     extern E:\3.45\pic18-lt\cxx-framework\src\traditional\proc\p18f2520.asm
                     TMR2   0x000fcc       data     extern E:\3.45\pic18-lt\cxx-framework\src\traditional\proc\p18f2520.asm
                T1CONbits   0x000fcd       data     extern E:\3.45\pic18-lt\cxx-framework\src\traditional\proc\p18f2520.asm
                    T1CON   0x000fcd       data     extern E:\3.45\pic18-lt\cxx-framework\src\traditional\proc\p18f2520.asm
                    TMR1L   0x000fce       data     extern E:\3.45\pic18-lt\cxx-framework\src\traditional\proc\p18f2520.asm
                    TMR1H   0x000fcf       data     extern E:\3.45\pic18-lt\cxx-framework\src\traditional\proc\p18f2520.asm
                     RCON   0x000fd0       data     extern E:\3.45\pic18-lt\cxx-framework\src\traditional\proc\p18f2520.asm
                 RCONbits   0x000fd0       data     extern E:\3.45\pic18-lt\cxx-framework\src\traditional\proc\p18f2520.asm
               WDTCONbits   0x000fd1       data     extern E:\3.45\pic18-lt\cxx-framework\src\traditional\proc\p18f2520.asm
                   WDTCON   0x000fd1       data     extern E:\3.45\pic18-lt\cxx-framework\src\traditional\proc\p18f2520.asm
               LVDCONbits   0x000fd2       data     extern E:\3.45\pic18-lt\cxx-framework\src\traditional\proc\p18f2520.asm
                   LVDCON   0x000fd2       data     extern E:\3.45\pic18-lt\cxx-framework\src\traditional\proc\p18f2520.asm
              HLVDCONbits   0x000fd2       data     extern E:\3.45\pic18-lt\cxx-framework\src\traditional\proc\p18f2520.asm
                  HLVDCON   0x000fd2       data     extern E:\3.45\pic18-lt\cxx-framework\src\traditional\proc\p18f2520.asm
               OSCCONbits   0x000fd3       data     extern E:\3.45\pic18-lt\cxx-framework\src\traditional\proc\p18f2520.asm
                   OSCCON   0x000fd3       data     extern E:\3.45\pic18-lt\cxx-framework\src\traditional\proc\p18f2520.asm
                    T0CON   0x000fd5       data     extern E:\3.45\pic18-lt\cxx-framework\src\traditional\proc\p18f2520.asm
                T0CONbits   0x000fd5       data     extern E:\3.45\pic18-lt\cxx-framework\src\traditional\proc\p18f2520.asm
                    TMR0L   0x000fd6       data     extern E:\3.45\pic18-lt\cxx-framework\src\traditional\proc\p18f2520.asm
                    TMR0H   0x000fd7       data     extern E:\3.45\pic18-lt\cxx-framework\src\traditional\proc\p18f2520.asm
                   STATUS   0x000fd8       data     extern E:\3.45\pic18-lt\cxx-framework\src\traditional\proc\p18f2520.asm
               STATUSbits   0x000fd8       data     extern E:\3.45\pic18-lt\cxx-framework\src\traditional\proc\p18f2520.asm
                     FSR2   0x000fd9       data     extern E:\3.45\pic18-lt\cxx-framework\src\traditional\proc\p18f2520.asm
                    FSR2L   0x000fd9       data     extern E:\3.45\pic18-lt\cxx-framework\src\traditional\proc\p18f2520.asm
                    FSR2H   0x000fda       data     extern E:\3.45\pic18-lt\cxx-framework\src\traditional\proc\p18f2520.asm
                   PLUSW2   0x000fdb       data     extern E:\3.45\pic18-lt\cxx-framework\src\traditional\proc\p18f2520.asm
                  PREINC2   0x000fdc       data     extern E:\3.45\pic18-lt\cxx-framework\src\traditional\proc\p18f2520.asm
                 POSTDEC2   0x000fdd       data     extern E:\3.45\pic18-lt\cxx-framework\src\traditional\proc\p18f2520.asm
                 POSTINC2   0x000fde       data     extern E:\3.45\pic18-lt\cxx-framework\src\traditional\proc\p18f2520.asm
                    INDF2   0x000fdf       data     extern E:\3.45\pic18-lt\cxx-framework\src\traditional\proc\p18f2520.asm
                      BSR   0x000fe0       data     extern E:\3.45\pic18-lt\cxx-framework\src\traditional\proc\p18f2520.asm
                    FSR1L   0x000fe1       data     extern E:\3.45\pic18-lt\cxx-framework\src\traditional\proc\p18f2520.asm
                     FSR1   0x000fe1       data     extern E:\3.45\pic18-lt\cxx-framework\src\traditional\proc\p18f2520.asm
                    FSR1H   0x000fe2       data     extern E:\3.45\pic18-lt\cxx-framework\src\traditional\proc\p18f2520.asm
                   PLUSW1   0x000fe3       data     extern E:\3.45\pic18-lt\cxx-framework\src\traditional\proc\p18f2520.asm
                  PREINC1   0x000fe4       data     extern E:\3.45\pic18-lt\cxx-framework\src\traditional\proc\p18f2520.asm
                 POSTDEC1   0x000fe5       data     extern E:\3.45\pic18-lt\cxx-framework\src\traditional\proc\p18f2520.asm
                 POSTINC1   0x000fe6       data     extern E:\3.45\pic18-lt\cxx-framework\src\traditional\proc\p18f2520.asm
                    INDF1   0x000fe7       data     extern E:\3.45\pic18-lt\cxx-framework\src\traditional\proc\p18f2520.asm
                     WREG   0x000fe8       data     extern E:\3.45\pic18-lt\cxx-framework\src\traditional\proc\p18f2520.asm
                        W   0x000fe8       data     extern E:\3.45\pic18-lt\cxx-framework\src\traditional\proc\p18f2520.asm
                     FSR0   0x000fe9       data     extern E:\3.45\pic18-lt\cxx-framework\src\traditional\proc\p18f2520.asm
                    FSR0L   0x000fe9       data     extern E:\3.45\pic18-lt\cxx-framework\src\traditional\proc\p18f2520.asm
                    FSR0H   0x000fea       data     extern E:\3.45\pic18-lt\cxx-framework\src\traditional\proc\p18f2520.asm
                   PLUSW0   0x000feb       data     extern E:\3.45\pic18-lt\cxx-framework\src\traditional\proc\p18f2520.asm
                  PREINC0   0x000fec       data     extern E:\3.45\pic18-lt\cxx-framework\src\traditional\proc\p18f2520.asm
                 POSTDEC0   0x000fed       data     extern E:\3.45\pic18-lt\cxx-framework\src\traditional\proc\p18f2520.asm
                 POSTINC0   0x000fee       data     extern E:\3.45\pic18-lt\cxx-framework\src\traditional\proc\p18f2520.asm
                    INDF0   0x000fef       data     extern E:\3.45\pic18-lt\cxx-framework\src\traditional\proc\p18f2520.asm
                  INTCON3   0x000ff0       data     extern E:\3.45\pic18-lt\cxx-framework\src\traditional\proc\p18f2520.asm
              INTCON3bits   0x000ff0       data     extern E:\3.45\pic18-lt\cxx-framework\src\traditional\proc\p18f2520.asm
                  INTCON2   0x000ff1       data     extern E:\3.45\pic18-lt\cxx-framework\src\traditional\proc\p18f2520.asm
              INTCON2bits   0x000ff1       data     extern E:\3.45\pic18-lt\cxx-framework\src\traditional\proc\p18f2520.asm
                   INTCON   0x000ff2       data     extern E:\3.45\pic18-lt\cxx-framework\src\traditional\proc\p18f2520.asm
               INTCONbits   0x000ff2       data     extern E:\3.45\pic18-lt\cxx-framework\src\traditional\proc\p18f2520.asm
                    PRODL   0x000ff3       data     extern E:\3.45\pic18-lt\cxx-framework\src\traditional\proc\p18f2520.asm
                     PROD   0x000ff3       data     extern E:\3.45\pic18-lt\cxx-framework\src\traditional\proc\p18f2520.asm
                    PRODH   0x000ff4       data     extern E:\3.45\pic18-lt\cxx-framework\src\traditional\proc\p18f2520.asm
                   TABLAT   0x000ff5       data     extern E:\3.45\pic18-lt\cxx-framework\src\traditional\proc\p18f2520.asm
                  TBLPTRL   0x000ff6       data     extern E:\3.45\pic18-lt\cxx-framework\src\traditional\proc\p18f2520.asm
                   TBLPTR   0x000ff6       data     extern E:\3.45\pic18-lt\cxx-framework\src\traditional\proc\p18f2520.asm
                  TBLPTRH   0x000ff7       data     extern E:\3.45\pic18-lt\cxx-framework\src\traditional\proc\p18f2520.asm
                  TBLPTRU   0x000ff8       data     extern E:\3.45\pic18-lt\cxx-framework\src\traditional\proc\p18f2520.asm
                       PC   0x000ff9       data     extern E:\3.45\pic18-lt\cxx-framework\src\traditional\proc\p18f2520.asm
                      PCL   0x000ff9       data     extern E:\3.45\pic18-lt\cxx-framework\src\traditional\proc\p18f2520.asm
                   PCLATH   0x000ffa       data     extern E:\3.45\pic18-lt\cxx-framework\src\traditional\proc\p18f2520.asm
                   PCLATU   0x000ffb       data     extern E:\3.45\pic18-lt\cxx-framework\src\traditional\proc\p18f2520.asm
                   STKPTR   0x000ffc       data     extern E:\3.45\pic18-lt\cxx-framework\src\traditional\proc\p18f2520.asm
               STKPTRbits   0x000ffc       data     extern E:\3.45\pic18-lt\cxx-framework\src\traditional\proc\p18f2520.asm
                     TOSL   0x000ffd       data     extern E:\3.45\pic18-lt\cxx-framework\src\traditional\proc\p18f2520.asm
                      TOS   0x000ffd       data     extern E:\3.45\pic18-lt\cxx-framework\src\traditional\proc\p18f2520.asm
                     TOSH   0x000ffe       data     extern E:\3.45\pic18-lt\cxx-framework\src\traditional\proc\p18f2520.asm
                     TOSU   0x000fff       data     extern E:\3.45\pic18-lt\cxx-framework\src\traditional\proc\p18f2520.asm


